[debug] [2026-03-18T18:38:17.071Z] ----------------------------------------------------------------------
[debug] [2026-03-18T18:38:17.073Z] Command:       C:\Program Files\nodejs\node.exe C:\Users\goura\AppData\Roaming\npm\node_modules\firebase-tools\lib\bin\firebase.js deploy --only hosting --debug
[debug] [2026-03-18T18:38:17.074Z] CLI Version:   15.4.0
[debug] [2026-03-18T18:38:17.074Z] Platform:      win32
[debug] [2026-03-18T18:38:17.074Z] Node Version:  v24.13.0
[debug] [2026-03-18T18:38:17.074Z] Time:          Thu Mar 19 2026 00:08:17 GMT+0530 (India Standard Time)
[debug] [2026-03-18T18:38:17.074Z] ----------------------------------------------------------------------
[debug] 
[debug] [2026-03-18T18:38:18.454Z] > command requires scopes: ["email","openid","https://www.googleapis.com/auth/cloudplatformprojects.readonly","https://www.googleapis.com/auth/firebase","https://www.googleapis.com/auth/cloud-platform"]
[debug] [2026-03-18T18:38:18.455Z] > authorizing via signed-in user (gouravsirvi765@gmail.com)
[debug] [2026-03-18T18:38:18.455Z] [iam] checking project notemicpro for permissions ["firebase.projects.get","firebasehosting.sites.update"]
[debug] [2026-03-18T18:38:18.456Z] Checked if tokens are valid: true, expires at: 1773862369267
[debug] [2026-03-18T18:38:18.456Z] Checked if tokens are valid: true, expires at: 1773862369267
[debug] [2026-03-18T18:38:18.456Z] >>> [apiv2][query] POST https://cloudresourcemanager.googleapis.com/v1/projects/notemicpro:testIamPermissions [none]
[debug] [2026-03-18T18:38:18.457Z] >>> [apiv2][(partial)header] POST https://cloudresourcemanager.googleapis.com/v1/projects/notemicpro:testIamPermissions x-goog-quota-user=projects/notemicpro
[debug] [2026-03-18T18:38:18.457Z] >>> [apiv2][body] POST https://cloudresourcemanager.googleapis.com/v1/projects/notemicpro:testIamPermissions {"permissions":["firebase.projects.get","firebasehosting.sites.update"]}
[debug] [2026-03-18T18:38:20.859Z] <<< [apiv2][status] POST https://cloudresourcemanager.googleapis.com/v1/projects/notemicpro:testIamPermissions 200
[debug] [2026-03-18T18:38:20.860Z] <<< [apiv2][body] POST https://cloudresourcemanager.googleapis.com/v1/projects/notemicpro:testIamPermissions {"permissions":["firebase.projects.get","firebasehosting.sites.update"]}
[debug] [2026-03-18T18:38:20.861Z] Checked if tokens are valid: true, expires at: 1773862369267
[debug] [2026-03-18T18:38:20.861Z] Checked if tokens are valid: true, expires at: 1773862369267
[debug] [2026-03-18T18:38:20.862Z] >>> [apiv2][query] GET https://firebase.googleapis.com/v1beta1/projects/notemicpro [none]
[debug] [2026-03-18T18:38:21.934Z] <<< [apiv2][status] GET https://firebase.googleapis.com/v1beta1/projects/notemicpro 200
[debug] [2026-03-18T18:38:21.934Z] <<< [apiv2][body] GET https://firebase.googleapis.com/v1beta1/projects/notemicpro {"projectId":"notemicpro","projectNumber":"570072823126","displayName":"notemicpro","name":"projects/notemicpro","resources":{"hostingSite":"notemicpro"},"state":"ACTIVE","etag":"1_6d0a4378-4c0a-497c-98ed-f2c50a4f1919"}
[debug] [2026-03-18T18:38:21.936Z] Specified "public" directory "dist" does not exist; Deploy to Hosting site "notemicpro" may fail or be empty.
[info] 
[info] === Deploying to 'notemicpro'...
[info] 
[info] i  deploying hosting 
[debug] [2026-03-18T18:38:21.940Z] Checked if tokens are valid: true, expires at: 1773862369267
[debug] [2026-03-18T18:38:21.941Z] Checked if tokens are valid: true, expires at: 1773862369267
[debug] [2026-03-18T18:38:21.941Z] >>> [apiv2][query] POST https://firebasehosting.googleapis.com/v1beta1/projects/-/sites/notemicpro/versions [none]
[debug] [2026-03-18T18:38:21.941Z] >>> [apiv2][body] POST https://firebasehosting.googleapis.com/v1beta1/projects/-/sites/notemicpro/versions {"status":"CREATED","labels":{"deployment-tool":"cli-firebase"}}
[debug] [2026-03-18T18:38:23.844Z] <<< [apiv2][status] POST https://firebasehosting.googleapis.com/v1beta1/projects/-/sites/notemicpro/versions 200
[debug] [2026-03-18T18:38:23.844Z] <<< [apiv2][body] POST https://firebasehosting.googleapis.com/v1beta1/projects/-/sites/notemicpro/versions {"name":"projects/570072823126/sites/notemicpro/versions/141616fc1349c3a1","status":"CREATED","config":{},"labels":{"deployment-tool":"cli-firebase"}}
[info] i  hosting[notemicpro]: beginning deploy... 
[error] 
[error] Error: Directory 'dist' for Hosting does not exist.
